<?xml version="1.0" encoding="UTF-8"?>
<testsuites name="jest tests" tests="30" failures="0" time="2.762">
  <testsuite name="projects/n4nd0/welcome/src/lib/welcome.service.spec.ts" errors="0" failures="0" skipped="0" timestamp="2020-02-12T13:46:19" time="1.148" tests="1">
    <testcase classname="WelcomeService-should be created" name="WelcomeService-should be created" time="0.029">
    </testcase>
  </testsuite>
  <testsuite name="projects/n4nd0/app-layout/src/lib/app-layout.service.spec.ts" errors="0" failures="0" skipped="0" timestamp="2020-02-12T13:46:19" time="1.138" tests="2">
    <testcase classname="AppLayoutService-should be created" name="AppLayoutService-should be created" time="0.025">
    </testcase>
    <testcase classname="AppLayoutService-can hold left sidenav state" name="AppLayoutService-can hold left sidenav state" time="0.009">
    </testcase>
  </testsuite>
  <testsuite name="projects/n4nd0/tree-control/src/lib/treeview.control.spec.ts" errors="0" failures="0" skipped="0" timestamp="2020-02-12T13:46:19" time="1.15" tests="2">
    <testcase classname="Treeview Control Tests-Should be able to load root" name="Treeview Control Tests-Should be able to load root" time="0.006">
    </testcase>
    <testcase classname="Treeview Control Tests-Should be able to load children" name="Treeview Control Tests-Should be able to load children" time="0.001">
    </testcase>
  </testsuite>
  <testsuite name="projects/n4nd0/welcome/src/lib/welcome.component.spec.ts" errors="0" failures="0" skipped="0" timestamp="2020-02-12T13:46:19" time="1.187" tests="1">
    <testcase classname="WelcomeComponent-should create" name="WelcomeComponent-should create" time="0.073">
    </testcase>
  </testsuite>
  <testsuite name="projects/n4nd0/tree-control/src/lib/helpers/datasource.helper.spec.ts" errors="0" failures="0" skipped="0" timestamp="2020-02-12T13:46:19" time="1.169" tests="9">
    <testcase classname="DataSourceHelper-should create instance of helper" name="DataSourceHelper-should create instance of helper" time="0.006">
    </testcase>
    <testcase classname="DataSourceHelper-should have reference of treeControl" name="DataSourceHelper-should have reference of treeControl" time="0.001">
    </testcase>
    <testcase classname="DataSourceHelper-should have reference of current dataset" name="DataSourceHelper-should have reference of current dataset" time="0.001">
    </testcase>
    <testcase classname="DataSourceHelper › [getInsertPosition] =&gt; -Can get insert position above" name="DataSourceHelper › [getInsertPosition] =&gt; -Can get insert position above" time="0.001">
    </testcase>
    <testcase classname="DataSourceHelper › [getInsertPosition] =&gt; -Can get insert position below" name="DataSourceHelper › [getInsertPosition] =&gt; -Can get insert position below" time="0.001">
    </testcase>
    <testcase classname="DataSourceHelper › [getInsertPosition] =&gt; -Can get insert position under" name="DataSourceHelper › [getInsertPosition] =&gt; -Can get insert position under" time="0.001">
    </testcase>
    <testcase classname="DataSourceHelper › [orderBranch]-data with no parent id should remain the same" name="DataSourceHelper › [orderBranch]-data with no parent id should remain the same" time="0.001">
    </testcase>
    <testcase classname="DataSourceHelper › [orderBranch]-data with parent id should be sequentially ordered" name="DataSourceHelper › [orderBranch]-data with parent id should be sequentially ordered" time="0.005">
    </testcase>
    <testcase classname="DataSourceHelper › [orderBranch]-bug on orderbranch" name="DataSourceHelper › [orderBranch]-bug on orderbranch" time="0.001">
    </testcase>
  </testsuite>
  <testsuite name="projects/n4nd0/tree-control/src/lib/treeview.datasource.spec.ts" errors="0" failures="0" skipped="0" timestamp="2020-02-12T13:46:19" time="1.183" tests="5">
    <testcase classname="Tree datasource =&gt; -Should have data upon data source creation" name="Tree datasource =&gt; -Should have data upon data source creation" time="0.006">
    </testcase>
    <testcase classname="Tree datasource =&gt; -Should have more nodes upon expansion" name="Tree datasource =&gt; -Should have more nodes upon expansion" time="0.002">
    </testcase>
    <testcase classname="Tree datasource =&gt; -Should be able to collapse" name="Tree datasource =&gt; -Should be able to collapse" time="0.001">
    </testcase>
    <testcase classname="Tree datasource =&gt; -Should be able to add node" name="Tree datasource =&gt; -Should be able to add node" time="0.001">
    </testcase>
    <testcase classname="Tree datasource =&gt; -Should be able to add node with parent" name="Tree datasource =&gt; -Should be able to add node with parent" time="0.001">
    </testcase>
  </testsuite>
  <testsuite name="projects/n4nd0/app-layout/src/lib/app-layout.component.spec.ts" errors="0" failures="0" skipped="0" timestamp="2020-02-12T13:46:19" time="1.501" tests="2">
    <testcase classname="AppLayoutComponent-should create" name="AppLayoutComponent-should create" time="0.219">
    </testcase>
    <testcase classname="AppLayoutComponent › layout functionality-Should be able to close left sidenav" name="AppLayoutComponent › layout functionality-Should be able to close left sidenav" time="0.13">
    </testcase>
  </testsuite>
  <testsuite name="projects/n4nd0/tree-control/src/lib/treeview.component.spec.ts" errors="0" failures="0" skipped="0" timestamp="2020-02-12T13:46:19" time="1.785" tests="8">
    <testcase classname="TreeviewComponent-can load instance" name="TreeviewComponent-can load instance" time="0.16">
    </testcase>
    <testcase classname="TreeviewComponent-enableDebug defaults to: false" name="TreeviewComponent-enableDebug defaults to: false" time="0.067">
    </testcase>
    <testcase classname="TreeviewComponent-enableDragAndDrop defaults to: false" name="TreeviewComponent-enableDragAndDrop defaults to: false" time="0.053">
    </testcase>
    <testcase classname="TreeviewComponent-indent defaults to: 20" name="TreeviewComponent-indent defaults to: 20" time="0.051">
    </testcase>
    <testcase classname="TreeviewComponent-dragNodeExpandOverWaitTimeMs defaults to: 300" name="TreeviewComponent-dragNodeExpandOverWaitTimeMs defaults to: 300" time="0.045">
    </testcase>
    <testcase classname="TreeviewComponent-minimum setup should match snapshot" name="TreeviewComponent-minimum setup should match snapshot" time="0.065">
    </testcase>
    <testcase classname="TreeviewComponent-complete setup should match snapshot" name="TreeviewComponent-complete setup should match snapshot" time="0.051">
    </testcase>
    <testcase classname="TreeviewComponent-Should be able to start with a node in determined position" name="TreeviewComponent-Should be able to start with a node in determined position" time="0.079">
    </testcase>
  </testsuite>
</testsuites>